{
  "version": "1.5.0",
  "plugins_used": [
    {
      "name": "ArtifactoryDetector"
    },
    {
      "name": "AWSKeyDetector"
    },
    {
      "name": "AzureStorageKeyDetector"
    },
    {
      "name": "Base64HighEntropyString",
      "limit": 4.5
    },
    {
      "name": "BasicAuthDetector"
    },
    {
      "name": "CloudantDetector"
    },
    {
      "name": "DiscordBotTokenDetector"
    },
    {
      "name": "GitHubTokenDetector"
    },
    {
      "name": "GitLabTokenDetector"
    },
    {
      "name": "HexHighEntropyString",
      "limit": 3.0
    },
    {
      "name": "IbmCloudIamDetector"
    },
    {
      "name": "IbmCosHmacDetector"
    },
    {
      "name": "IPPublicDetector"
    },
    {
      "name": "JwtTokenDetector"
    },
    {
      "name": "KeywordDetector",
      "keyword_exclude": ""
    },
    {
      "name": "MailchimpDetector"
    },
    {
      "name": "NpmDetector"
    },
    {
      "name": "OpenAIDetector"
    },
    {
      "name": "PrivateKeyDetector"
    },
    {
      "name": "PypiTokenDetector"
    },
    {
      "name": "SendGridDetector"
    },
    {
      "name": "SlackDetector"
    },
    {
      "name": "SoftlayerDetector"
    },
    {
      "name": "SquareOAuthDetector"
    },
    {
      "name": "StripeDetector"
    },
    {
      "name": "TelegramBotTokenDetector"
    },
    {
      "name": "TwilioKeyDetector"
    }
  ],
  "filters_used": [
    {
      "path": "detect_secrets.filters.allowlist.is_line_allowlisted"
    },
    {
      "path": "detect_secrets.filters.common.is_ignored_due_to_verification_policies",
      "min_level": 2
    },
    {
      "path": "detect_secrets.filters.heuristic.is_indirect_reference"
    },
    {
      "path": "detect_secrets.filters.heuristic.is_likely_id_string"
    },
    {
      "path": "detect_secrets.filters.heuristic.is_lock_file"
    },
    {
      "path": "detect_secrets.filters.heuristic.is_not_alphanumeric_string"
    },
    {
      "path": "detect_secrets.filters.heuristic.is_potential_uuid"
    },
    {
      "path": "detect_secrets.filters.heuristic.is_prefixed_with_dollar_sign"
    },
    {
      "path": "detect_secrets.filters.heuristic.is_sequential_string"
    },
    {
      "path": "detect_secrets.filters.heuristic.is_swagger_file"
    },
    {
      "path": "detect_secrets.filters.heuristic.is_templated_secret"
    },
    {
      "path": "detect_secrets.filters.regex.should_exclude_file",
      "pattern": [
        "\\.git/.*",
        ".*\\.lock",
        ".*node_modules.*"
      ]
    }
  ],
  "results": {
    ".github/workflows/ci-matrix.yaml": [
      {
        "type": "Secret Keyword",
        "filename": ".github/workflows/ci-matrix.yaml",
        "hashed_secret": "3e26d6750975d678acb8fa35a0f69237881576b0",
        "is_verified": false,
        "line_number": 74
      }
    ],
    ".github/workflows/cicd-ai-tutor-admin-config-dev.yaml": [
      {
        "type": "Secret Keyword",
        "filename": ".github/workflows/cicd-ai-tutor-admin-config-dev.yaml",
        "hashed_secret": "3e26d6750975d678acb8fa35a0f69237881576b0",
        "is_verified": false,
        "line_number": 18
      }
    ],
    ".github/workflows/cicd-ai-tutor-agent-reasoning-dev.yaml": [
      {
        "type": "Secret Keyword",
        "filename": ".github/workflows/cicd-ai-tutor-agent-reasoning-dev.yaml",
        "hashed_secret": "3e26d6750975d678acb8fa35a0f69237881576b0",
        "is_verified": false,
        "line_number": 18
      }
    ],
    ".github/workflows/cicd-ai-tutor-analytics-dev.yaml": [
      {
        "type": "Secret Keyword",
        "filename": ".github/workflows/cicd-ai-tutor-analytics-dev.yaml",
        "hashed_secret": "3e26d6750975d678acb8fa35a0f69237881576b0",
        "is_verified": false,
        "line_number": 18
      }
    ],
    ".github/workflows/cicd-ai-tutor-assessment-dev.yaml": [
      {
        "type": "Secret Keyword",
        "filename": ".github/workflows/cicd-ai-tutor-assessment-dev.yaml",
        "hashed_secret": "3e26d6750975d678acb8fa35a0f69237881576b0",
        "is_verified": false,
        "line_number": 18
      }
    ],
    ".github/workflows/cicd-ai-tutor-audit-dev.yaml": [
      {
        "type": "Secret Keyword",
        "filename": ".github/workflows/cicd-ai-tutor-audit-dev.yaml",
        "hashed_secret": "3e26d6750975d678acb8fa35a0f69237881576b0",
        "is_verified": false,
        "line_number": 18
      }
    ],
    ".github/workflows/cicd-ai-tutor-chat-orchestrator-dev.yaml": [
      {
        "type": "Secret Keyword",
        "filename": ".github/workflows/cicd-ai-tutor-chat-orchestrator-dev.yaml",
        "hashed_secret": "3e26d6750975d678acb8fa35a0f69237881576b0",
        "is_verified": false,
        "line_number": 19
      }
    ],
    ".github/workflows/cicd-ai-tutor-confidence-grader-dev.yaml": [
      {
        "type": "Secret Keyword",
        "filename": ".github/workflows/cicd-ai-tutor-confidence-grader-dev.yaml",
        "hashed_secret": "3e26d6750975d678acb8fa35a0f69237881576b0",
        "is_verified": false,
        "line_number": 18
      }
    ],
    ".github/workflows/cicd-ai-tutor-content-ingestion-dev.yaml": [
      {
        "type": "Secret Keyword",
        "filename": ".github/workflows/cicd-ai-tutor-content-ingestion-dev.yaml",
        "hashed_secret": "3e26d6750975d678acb8fa35a0f69237881576b0",
        "is_verified": false,
        "line_number": 19
      }
    ],
    ".github/workflows/cicd-ai-tutor-content-management-dev.yaml": [
      {
        "type": "Secret Keyword",
        "filename": ".github/workflows/cicd-ai-tutor-content-management-dev.yaml",
        "hashed_secret": "3e26d6750975d678acb8fa35a0f69237881576b0",
        "is_verified": false,
        "line_number": 18
      }
    ],
    ".github/workflows/cicd-ai-tutor-embedding-service-dev.yaml": [
      {
        "type": "Secret Keyword",
        "filename": ".github/workflows/cicd-ai-tutor-embedding-service-dev.yaml",
        "hashed_secret": "3e26d6750975d678acb8fa35a0f69237881576b0",
        "is_verified": false,
        "line_number": 18
      }
    ],
    ".github/workflows/cicd-ai-tutor-frontend-dev.yaml": [
      {
        "type": "Secret Keyword",
        "filename": ".github/workflows/cicd-ai-tutor-frontend-dev.yaml",
        "hashed_secret": "3e26d6750975d678acb8fa35a0f69237881576b0",
        "is_verified": false,
        "line_number": 20
      }
    ],
    ".github/workflows/cicd-ai-tutor-learner-profile-dev.yaml": [
      {
        "type": "Secret Keyword",
        "filename": ".github/workflows/cicd-ai-tutor-learner-profile-dev.yaml",
        "hashed_secret": "3e26d6750975d678acb8fa35a0f69237881576b0",
        "is_verified": false,
        "line_number": 18
      }
    ],
    ".github/workflows/cicd-ai-tutor-llm-gateway-dev.yaml": [
      {
        "type": "Secret Keyword",
        "filename": ".github/workflows/cicd-ai-tutor-llm-gateway-dev.yaml",
        "hashed_secret": "3e26d6750975d678acb8fa35a0f69237881576b0",
        "is_verified": false,
        "line_number": 18
      }
    ],
    ".github/workflows/cicd-ai-tutor-rag-pipeline-dev.yaml": [
      {
        "type": "Secret Keyword",
        "filename": ".github/workflows/cicd-ai-tutor-rag-pipeline-dev.yaml",
        "hashed_secret": "3e26d6750975d678acb8fa35a0f69237881576b0",
        "is_verified": false,
        "line_number": 18
      }
    ],
    ".opsera-ai-tutor/GITHUB_SECRETS.md": [
      {
        "type": "Secret Keyword",
        "filename": ".opsera-ai-tutor/GITHUB_SECRETS.md",
        "hashed_secret": "bad20ce8953a58e8c0e634c770cbd5ab0644b617",
        "is_verified": false,
        "line_number": 65
      },
      {
        "type": "Secret Keyword",
        "filename": ".opsera-ai-tutor/GITHUB_SECRETS.md",
        "hashed_secret": "19e662368a1065e8e98fdb0d0ec341e3382132cc",
        "is_verified": false,
        "line_number": 66
      },
      {
        "type": "Secret Keyword",
        "filename": ".opsera-ai-tutor/GITHUB_SECRETS.md",
        "hashed_secret": "709cb3397618155abdb90666b163355546be6a47",
        "is_verified": false,
        "line_number": 67
      },
      {
        "type": "Secret Keyword",
        "filename": ".opsera-ai-tutor/GITHUB_SECRETS.md",
        "hashed_secret": "e93f6fd53e1a9907a13a41bf83acb829f9828ce4",
        "is_verified": false,
        "line_number": 73
      },
      {
        "type": "Secret Keyword",
        "filename": ".opsera-ai-tutor/GITHUB_SECRETS.md",
        "hashed_secret": "83542070ee8238c5ad6484b7824016bd2d2fb32e",
        "is_verified": false,
        "line_number": 75
      }
    ],
    ".opsera-ai-tutor/docs/RUNBOOK-sealed-secrets.md": [
      {
        "type": "Secret Keyword",
        "filename": ".opsera-ai-tutor/docs/RUNBOOK-sealed-secrets.md",
        "hashed_secret": "9499068292fc93a3915fcff2d40994b79db3f8d6",
        "is_verified": false,
        "line_number": 105
      },
      {
        "type": "Secret Keyword",
        "filename": ".opsera-ai-tutor/docs/RUNBOOK-sealed-secrets.md",
        "hashed_secret": "7d7732fa15151157be7cb30e85125e85c61055d3",
        "is_verified": false,
        "line_number": 106
      },
      {
        "type": "Secret Keyword",
        "filename": ".opsera-ai-tutor/docs/RUNBOOK-sealed-secrets.md",
        "hashed_secret": "83c52eb4caece3db40d60f8709de4a1ecdf816c1",
        "is_verified": false,
        "line_number": 107
      },
      {
        "type": "Secret Keyword",
        "filename": ".opsera-ai-tutor/docs/RUNBOOK-sealed-secrets.md",
        "hashed_secret": "bd43b119594289b90f2019b4f9061b16a95130d0",
        "is_verified": false,
        "line_number": 108
      },
      {
        "type": "Secret Keyword",
        "filename": ".opsera-ai-tutor/docs/RUNBOOK-sealed-secrets.md",
        "hashed_secret": "fb21382880be99ea12c129b9c8f4d0031ba51286",
        "is_verified": false,
        "line_number": 111
      },
      {
        "type": "Basic Auth Credentials",
        "filename": ".opsera-ai-tutor/docs/RUNBOOK-sealed-secrets.md",
        "hashed_secret": "3bdb5e3bd30bdc23ae6f888668aa490fa958c30b",
        "is_verified": false,
        "line_number": 112
      },
      {
        "type": "Secret Keyword",
        "filename": ".opsera-ai-tutor/docs/RUNBOOK-sealed-secrets.md",
        "hashed_secret": "b0228d7a1b1157fa2592fdaf23a68b52a7b147dc",
        "is_verified": false,
        "line_number": 115
      },
      {
        "type": "Secret Keyword",
        "filename": ".opsera-ai-tutor/docs/RUNBOOK-sealed-secrets.md",
        "hashed_secret": "93d2557cd86384ccebb5b9d5bf076e2010416f25",
        "is_verified": false,
        "line_number": 116
      },
      {
        "type": "Secret Keyword",
        "filename": ".opsera-ai-tutor/docs/RUNBOOK-sealed-secrets.md",
        "hashed_secret": "1e2d0b56330992047397215ea161de347733a5b2",
        "is_verified": false,
        "line_number": 117
      },
      {
        "type": "Secret Keyword",
        "filename": ".opsera-ai-tutor/docs/RUNBOOK-sealed-secrets.md",
        "hashed_secret": "8ae02de68be750ba84f60c58661c3262014f427c",
        "is_verified": false,
        "line_number": 118
      },
      {
        "type": "Secret Keyword",
        "filename": ".opsera-ai-tutor/docs/RUNBOOK-sealed-secrets.md",
        "hashed_secret": "7140372593267c24913f4cae800cec90ef2f623c",
        "is_verified": false,
        "line_number": 120
      }
    ],
    ".opsera-ai-tutor/k8s/base/secrets/ai-tutor-sealed-secret.yaml": [
      {
        "type": "Secret Keyword",
        "filename": ".opsera-ai-tutor/k8s/base/secrets/ai-tutor-sealed-secret.yaml",
        "hashed_secret": "9c51befe4732393045d250a27ca4b888edbcca05",
        "is_verified": false,
        "line_number": 51
      }
    ],
    ".opsera-ai-tutor/k8s/overlays/dev/secret-template.yaml": [
      {
        "type": "Secret Keyword",
        "filename": ".opsera-ai-tutor/k8s/overlays/dev/secret-template.yaml",
        "hashed_secret": "118c413f3fc929a1624f4c3e1da1e3d24377a693",
        "is_verified": false,
        "line_number": 38
      }
    ],
    ".pytest_cache/CACHEDIR.TAG": [
      {
        "type": "Hex High Entropy String",
        "filename": ".pytest_cache/CACHEDIR.TAG",
        "hashed_secret": "e8f8c345877b2411a59897798e422b15b0c16d76",
        "is_verified": false,
        "line_number": 1
      }
    ],
    "docker-compose.yml": [
      {
        "type": "Secret Keyword",
        "filename": "docker-compose.yml",
        "hashed_secret": "f61885233e96bab44324f822c9542f7c190935fc",
        "is_verified": false,
        "line_number": 40
      },
      {
        "type": "Secret Keyword",
        "filename": "docker-compose.yml",
        "hashed_secret": "bc565f6e909ec7d3c18e2ff5d9eeb2300ff20b7f",
        "is_verified": false,
        "line_number": 94
      },
      {
        "type": "Basic Auth Credentials",
        "filename": "docker-compose.yml",
        "hashed_secret": "f61885233e96bab44324f822c9542f7c190935fc",
        "is_verified": false,
        "line_number": 126
      }
    ],
    "libs/cache/.pytest_cache/CACHEDIR.TAG": [
      {
        "type": "Hex High Entropy String",
        "filename": "libs/cache/.pytest_cache/CACHEDIR.TAG",
        "hashed_secret": "e8f8c345877b2411a59897798e422b15b0c16d76",
        "is_verified": false,
        "line_number": 1
      }
    ],
    "libs/contracts/.pytest_cache/CACHEDIR.TAG": [
      {
        "type": "Hex High Entropy String",
        "filename": "libs/contracts/.pytest_cache/CACHEDIR.TAG",
        "hashed_secret": "e8f8c345877b2411a59897798e422b15b0c16d76",
        "is_verified": false,
        "line_number": 1
      }
    ],
    "services/admin-config/src/service.py": [
      {
        "type": "Basic Auth Credentials",
        "filename": "services/admin-config/src/service.py",
        "hashed_secret": "f61885233e96bab44324f822c9542f7c190935fc",
        "is_verified": false,
        "line_number": 13
      }
    ],
    "services/agent-reasoning/tests/unit/test_agent.py": [
      {
        "type": "Secret Keyword",
        "filename": "services/agent-reasoning/tests/unit/test_agent.py",
        "hashed_secret": "69dba6dfc0be932d10cdbfaae770c300cd7e0e3c",
        "is_verified": false,
        "line_number": 155
      }
    ],
    "services/analytics/src/service.py": [
      {
        "type": "Basic Auth Credentials",
        "filename": "services/analytics/src/service.py",
        "hashed_secret": "f61885233e96bab44324f822c9542f7c190935fc",
        "is_verified": false,
        "line_number": 13
      }
    ],
    "services/assessment/src/service.py": [
      {
        "type": "Basic Auth Credentials",
        "filename": "services/assessment/src/service.py",
        "hashed_secret": "f61885233e96bab44324f822c9542f7c190935fc",
        "is_verified": false,
        "line_number": 21
      }
    ],
    "services/audit/src/main.py": [
      {
        "type": "Basic Auth Credentials",
        "filename": "services/audit/src/main.py",
        "hashed_secret": "f61885233e96bab44324f822c9542f7c190935fc",
        "is_verified": false,
        "line_number": 20
      }
    ],
    "services/chat-orchestrator/.pytest_cache/CACHEDIR.TAG": [
      {
        "type": "Hex High Entropy String",
        "filename": "services/chat-orchestrator/.pytest_cache/CACHEDIR.TAG",
        "hashed_secret": "e8f8c345877b2411a59897798e422b15b0c16d76",
        "is_verified": false,
        "line_number": 1
      }
    ],
    "services/content-ingestion/src/service.py": [
      {
        "type": "Basic Auth Credentials",
        "filename": "services/content-ingestion/src/service.py",
        "hashed_secret": "f61885233e96bab44324f822c9542f7c190935fc",
        "is_verified": false,
        "line_number": 24
      }
    ],
    "services/content-management/src/service.py": [
      {
        "type": "Basic Auth Credentials",
        "filename": "services/content-management/src/service.py",
        "hashed_secret": "f61885233e96bab44324f822c9542f7c190935fc",
        "is_verified": false,
        "line_number": 15
      }
    ],
    "services/learner-profile/src/service.py": [
      {
        "type": "Basic Auth Credentials",
        "filename": "services/learner-profile/src/service.py",
        "hashed_secret": "f61885233e96bab44324f822c9542f7c190935fc",
        "is_verified": false,
        "line_number": 12
      }
    ],
    "services/llm-gateway/tests/unit/test_provider_streaming.py": [
      {
        "type": "Secret Keyword",
        "filename": "services/llm-gateway/tests/unit/test_provider_streaming.py",
        "hashed_secret": "c053ecf9ed41df0311b9df13cc6c3b6078d2d3c2",
        "is_verified": false,
        "line_number": 58
      }
    ],
    "services/llm-gateway/tests/unit/test_providers.py": [
      {
        "type": "Secret Keyword",
        "filename": "services/llm-gateway/tests/unit/test_providers.py",
        "hashed_secret": "c053ecf9ed41df0311b9df13cc6c3b6078d2d3c2",
        "is_verified": false,
        "line_number": 120
      }
    ],
    "services/rag-pipeline/src/main.py": [
      {
        "type": "Basic Auth Credentials",
        "filename": "services/rag-pipeline/src/main.py",
        "hashed_secret": "f61885233e96bab44324f822c9542f7c190935fc",
        "is_verified": false,
        "line_number": 23
      }
    ]
  },
  "generated_at": "2026-07-17T14:16:44Z"
}
